allocated 256
free 256
free 512
free 1024
free 2048
allocated 256
allocated 256
free 512
free 1024
free 2048
free 256
allocated 256
free 512
free 1024
free 2048
allocated 256
allocated 256
free 512
free 1024
free 2048
free 4096
